[13:04:02.279] ae=199 steer=-1 L=21 R=18
[13:04:03.366] base= ster0 L= R=0
[13:04:03.656] bs=8 ster=30L19 R=21
[13:04:03.734] base190 ter=33 =157R223
[13:04:03.888] bse=180see=4L=136 =224 base18 steer=47 L=3 R=25
[13:04:03.964] bas=44 ster80 L=6 R=224
[13:04:06.644] bae=199 teer=67L=132 R255
[13:04:06.720] ase=198 steer=25L13R=22
[13:04:06.796] ase=199 ster=0 =99 R=19
[13:04:06.944] bse=19stee=27 L=226R=172
[13:04:07.020] bae=198 ster=-42L20 =5
[13:04:07.096] ae=19 ter=-7L=255 =132
[13:04:07.174] bse=19 ster=-79 =55 R=10
[13:04:07.251] base=19 ter=-78 =255 R=121
[13:04:07.471] base=19 ster=7 L=255 R=12
[13:04:07.548] base=199seer=7 L=255 R=121
[13:04:07.768] base=99 teer=-79 =255 R=120
[13:04:07.844] bae=99 steer=-78 L=25 =121
[13:04:08.499] bse=79 steer-9 L=15 R=0   base=8seer=-7 L=116 R-40
[13:04:08.792] bae=199 steer-9 L=55 R=120
[13:04:08.940] ase=99 steer-78 =255 R=11
[13:04:09.016] bs=199seer=-79 =55 R120
[13:04:09.092] bae=99 ser=-49 L248 =150
[13:04:09.748] bae0 seer=0 = R=0     base=0 ster120 L=120 R=12
[13:04:14.586] base=0 steer= =0 R=0
[13:04:15.095] bae0 ter=-120 =120 R-120
[13:04:20.003] ae=199 ter=-10 =255R95
[13:04:20.078] base=19 seer=-83 L=5 R=116
[13:04:20.154] base=19 steer=6 =55 R=15
[13:04:20.307] ae=199 ster-2L=51 R=17bae=19 ster=44 L243 =155
[13:04:20.383] bae199 teer=-41 L=240 =158
[13:04:20.458] bae199 steer=-40 =39 R=19
[13:04:22.270] base=198stee=80 =18R=255
[13:04:23.430] base19ster=2 =73 R=25base=19 ster0 L=19 R=19
[13:04:24.087] ae19 stee=-10 L=55 R=79
[13:04:25.895] bae199 ster=0 =9 R19
[13:04:28.783] bs=98 ster=-78 L=255 R120
[13:04:28.858] bae=9 steer-79 =255 R=120
[13:04:28.935] ae=198 ster=-8L=255 =120
[13:04:29.083] base=127 steer=79L206 R=8
[13:04:29.308] bas=5 steer=78 L123 =-33 base45 see=-79L12 R=-4
[13:04:29.967] base=0 steer0 L= R=0     as=47 ste=-79L=126 R=-32
[13:04:30.043] bse=101 steer-8 L=17 R=23
[13:04:30.118] base=10 steer-79 =8 R=2
[13:04:30.195] base=01 ster-78 L=19 R=23
[13:04:30.271] as=03 teer=-79 =82 R=2
[13:04:30.418] base=19 ter=-8 L=255 R=119
[13:04:30.715] as=198 ster=-3 =235 R11
[13:04:30.791] as=199 steer= L=199R=199
[13:04:30.867] ae20 teer=3 L14R236
[13:04:30.943] base=99 steer=70 L=12 =255
[13:04:31.019] ase=9 steer80 L=119R=25
[13:04:31.237] base=0 stee= L=0 R0
[13:04:37.367] bse=19 stee=-53 L12 R=76
[13:04:37.443] ae18 stee=78L25 R=120
[13:04:37.518] bae199 teer=-79L=255 =20
[13:04:37.594] ase=19 steer-78 L=25 =121
[13:04:37.671] ae19 steer-9 L=255 R=10
[13:04:37.747] bae199 ser-8 L=5 =12
[13:04:37.823] bse=18seer=-7 L=255 R=99
[13:04:37.970] base14 ste=0 L=14 R=164
[13:04:38.046] bas=98steer=4 =155 R21
[13:04:38.123] base=18 ste=80 L=118 R=255
[13:04:38.412] bs= steer0 L=0 R=0
[13:04:38.493] base=-168 steer=80 L=-48 R=-8
[13:04:38.568] bas=19 teer=73 L=-25 =12
[13:04:38.645] base=-199 ster=31 L-3 R=-68
[13:04:39.024] base=-99 steer-3 =-60 R=-28                       ase=-19 steer=-59 L-140 R-25                      bse=-9 teer-9 L=-120R=25                       bs=-199 te=-78L=-21 R=-255
[13:04:39.101] bas=-70 teer=-79 L=9 R=-49
[13:04:39.393] bae=-40 ster=-8 L=38 =118base199 teer=-79 L=255 R=120
[13:04:39.694] base=19 ster=-78L=25 =121bs=199 stee=65 L=25R=134bae=199 teer=-7 L=4 =52
[13:04:39.770] ae19ste=0 L=199 R19
[13:04:39.990] bs=19 seer=22L=77 R=221
[13:04:40.065] base19 teer=53 L=146R22
[13:04:40.142] base=9 steer=58 L=14 R=255
[13:04:40.295] bas=199seer=79 L120 R=5 base=199 ste=80 L=1 =255
[13:04:40.731] ase=198 ster4 L18R=238
[13:04:40.804] base=0 seer0 L=0 =
